docker : #0 building with "desktop-linux" instance using docker driver
Au caractère Ligne:1 : 1
+ docker build -t gcr.io/e-shop-deploy/ecommerce-frontend:latest -f e-c ...
+ ~~~~~~~~~~~~~~~~~~~~~~~~~~~~~~~~~~~~~~~~~~~~~~~~~~~~~~~~~~~~~~~~~~~~~
    + CategoryInfo          : NotSpecified: (#0 building wit...g docker driver:String) [], RemoteException
    + FullyQualifiedErrorId : NativeCommandError
 

#1 [internal] load build definition from Dockerfile.frontend
#1 transferring dockerfile: 769B 0.0s done
#1 DONE 0.1s

#2 [internal] load metadata for docker.io/library/nginx:alpine
#2 DONE 1.1s

#3 [internal] load metadata for docker.io/library/node:20-alpine
#3 DONE 1.2s

#4 [internal] load .dockerignore
#4 transferring context: 2B 0.0s done
#4 DONE 0.0s

#5 [builder  1/17] FROM docker.io/library/node:20-alpine@sha256:df02558528d3d3d0d621f112e232611aecfee7cbc654f6b375765f72bb262799
#5 DONE 0.0s

#6 [stage-1 1/2] FROM docker.io/library/nginx:alpine@sha256:d67ea0d64d518b1bb04acde3b00f722ac3e9764b3209a9b0a98924ba35e4b779
#6 CACHED

#7 [internal] load build context
#7 transferring context: 51.52kB 0.2s done
#7 DONE 0.3s

#8 [builder 15/17] RUN ls -la /app/dist/
#8 CACHED

#9 [builder  9/17] RUN ls -la /app/dist/
#9 CACHED

#10 [builder  6/17] RUN pnpm install --frozen-lockfile
#10 CACHED

#11 [builder 12/17] RUN ls -la /app/dist/
#11 CACHED

#12 [builder 16/17] RUN ls -la /app/dist/
#12 CACHED

#13 [builder  3/17] WORKDIR /app
#13 CACHED

#14 [builder  8/17] RUN pnpm run build
#14 CACHED

#15 [builder 10/17] RUN ls -la /app/dist/
#15 CACHED

#16 [builder  7/17] COPY e-commerce-front-master/. .
#16 CACHED

#17 [builder 14/17] RUN ls -la /app/dist/
#17 CACHED

#18 [builder  4/17] COPY e-commerce-front-master/package*.json ./
#18 CACHED

#19 [builder 13/17] RUN ls -la /app/dist/
#19 CACHED

#20 [builder 11/17] RUN ls -la /app/dist/
#20 CACHED

#21 [builder  2/17] RUN npm install -g pnpm
#21 CACHED

#22 [builder  5/17] COPY e-commerce-front-master/pnpm-lock.yaml ./
#22 CACHED

#23 [builder 17/17] RUN ls -la /app/dist/
#23 CACHED

#24 [stage-1 2/2] COPY --from=builder /app/dist/CORRECT_FOLDER_NAME /usr/share/nginx/html
#24 ERROR: failed to calculate checksum of ref 36f8a43e-ab9f-4867-a397-ea441e201460::uv4f0seu3r25n5lk85jo0dkwo: 
"/app/dist/CORRECT_FOLDER_NAME": not found
------
 > [stage-1 2/2] COPY --from=builder /app/dist/CORRECT_FOLDER_NAME /usr/share/nginx/html:
------
Dockerfile.frontend:26
--------------------
  24 |     FROM nginx:alpine
  25 |     # We'll fix this line after we see the output
  26 | >>> COPY --from=builder /app/dist/CORRECT_FOLDER_NAME /usr/share/nginx/html
  27 |     EXPOSE 80
  28 |     CMD ["nginx", "-g", "daemon off;"]
--------------------
ERROR: failed to solve: failed to compute cache key: failed to calculate checksum of ref 
36f8a43e-ab9f-4867-a397-ea441e201460::uv4f0seu3r25n5lk85jo0dkwo: "/app/dist/CORRECT_FOLDER_NAME": not found
